current directory: /Users/jonathan.clarke/Code/ruby_shopping/vendor/bundle/ruby/3.3.0/gems/json-2.15.2/ext/json/ext/parser
/Users/jonathan.clarke/.rbenv/versions/3.3.6/bin/ruby extconf.rb
checking for rb_enc_interned_str() in ruby/encoding.h... yes
checking for rb_hash_new_capa() in ruby.h... yes
checking for rb_hash_bulk_insert() in ruby.h... yes
checking for strnlen() in string.h... yes
checking for whether -std=c99 is accepted as CFLAGS... yes
checking for arm_neon.h... yes
checking for cpuid.h... no
creating Makefile

current directory: /Users/jonathan.clarke/Code/ruby_shopping/vendor/bundle/ruby/3.3.0/gems/json-2.15.2/ext/json/ext/parser
make DESTDIR\= sitearchdir\=./.gem.20260521-42486-1dln3j sitelibdir\=./.gem.20260521-42486-1dln3j clean

current directory: /Users/jonathan.clarke/Code/ruby_shopping/vendor/bundle/ruby/3.3.0/gems/json-2.15.2/ext/json/ext/parser
make DESTDIR\= sitearchdir\=./.gem.20260521-42486-1dln3j sitelibdir\=./.gem.20260521-42486-1dln3j
compiling parser.c
linking shared-object json/ext/parser.bundle

current directory: /Users/jonathan.clarke/Code/ruby_shopping/vendor/bundle/ruby/3.3.0/gems/json-2.15.2/ext/json/ext/parser
make DESTDIR\= sitearchdir\=./.gem.20260521-42486-1dln3j sitelibdir\=./.gem.20260521-42486-1dln3j install
/usr/bin/install -c -m 0755 parser.bundle ./.gem.20260521-42486-1dln3j/json/ext

current directory: /Users/jonathan.clarke/Code/ruby_shopping/vendor/bundle/ruby/3.3.0/gems/json-2.15.2/ext/json/ext/parser
make DESTDIR\= sitearchdir\=./.gem.20260521-42486-1dln3j sitelibdir\=./.gem.20260521-42486-1dln3j clean
