current directory: /Users/jonathan.clarke/Code/ruby_shopping/vendor/bundle/ruby/3.3.0/gems/date-3.5.0/ext/date
/Users/jonathan.clarke/.rbenv/versions/3.3.6/bin/ruby extconf.rb
checking for rb_category_warn()... yes
checking for timezone in time.h with  -Werror... yes
checking for altzone in time.h with  -Werror... no
creating Makefile

current directory: /Users/jonathan.clarke/Code/ruby_shopping/vendor/bundle/ruby/3.3.0/gems/date-3.5.0/ext/date
make DESTDIR\= sitearchdir\=./.gem.20260521-62336-l5rfk1 sitelibdir\=./.gem.20260521-62336-l5rfk1 clean

current directory: /Users/jonathan.clarke/Code/ruby_shopping/vendor/bundle/ruby/3.3.0/gems/date-3.5.0/ext/date
make DESTDIR\= sitearchdir\=./.gem.20260521-62336-l5rfk1 sitelibdir\=./.gem.20260521-62336-l5rfk1
compiling date_core.c
compiling date_parse.c
compiling date_strftime.c
compiling date_strptime.c
linking shared-object date_core.bundle

current directory: /Users/jonathan.clarke/Code/ruby_shopping/vendor/bundle/ruby/3.3.0/gems/date-3.5.0/ext/date
make DESTDIR\= sitearchdir\=./.gem.20260521-62336-l5rfk1 sitelibdir\=./.gem.20260521-62336-l5rfk1 install
/usr/bin/install -c -m 0755 date_core.bundle ./.gem.20260521-62336-l5rfk1

current directory: /Users/jonathan.clarke/Code/ruby_shopping/vendor/bundle/ruby/3.3.0/gems/date-3.5.0/ext/date
make DESTDIR\= sitearchdir\=./.gem.20260521-62336-l5rfk1 sitelibdir\=./.gem.20260521-62336-l5rfk1 clean
